Microchip MPLAB XC8 Compiler V2.36

Linker command line:

-W-3 --edf=C:\Program Files\Microchip\xc8\v2.36\pic\dat\en_msgs.txt -cn \
  -h+dist/default/production\cansat.X.production.sym \
  --cmf=dist/default/production\cansat.X.production.cmf -z -Q18F4550 \
  -oC:\Users\strud\AppData\Local\Temp\xcAsac8.4 --defsym=__MPLAB_BUILD=1 \
  -Mdist/default/production/cansat.X.production.map \
  --md=C:\Users\strud\AppData\Local\Temp\xcAsac8.dat -E1 -ver=XC8 Compiler \
  --acfsm=1493 -ACODE=00h-07FFFh -ACONST=00h-07FFFh \
  -ASMALLCONST=0800h-08FFhx120 -AMEDIUMCONST=0800h-07FFFh -ACOMRAM=01h-05Fh \
  -AABS1=00h-07FFh -ABIGRAM=01h-07FFh -ARAM=060h-0FFh,0100h-01FFhx7 \
  -ABANK0=060h-0FFh -ABANK1=0100h-01FFh -ABANK2=0200h-02FFh \
  -ABANK3=0300h-03FFh -ABANK4=0400h-04FFh -ABANK5=0500h-05FFh \
  -ABANK6=0600h-06FFh -ABANK7=0700h-07FFh -ASFR=0F60h-0FFFh \
  -ABIGSFR=0F60h-0FFFh -ACONFIG=0300000h-030000Dh -AIDLOC=0200000h-0200007h \
  -AEEDATA=0F00000h-0F000FFh -peeprom_data=EEDATA \
  -preset_vec=00h,intcode=08h,intcodelo,powerup,init -pramtop=0800h \
  -psmallconst=SMALLCONST -pmediumconst=MEDIUMCONST -pconst=CONST \
  -AFARRAM=00h-00h \
  -prdata=COMRAM,nvrram=COMRAM,nvbit=COMRAM,rbss=COMRAM,rbit=COMRAM \
  -pfarbss=FARRAM,fardata=FARRAM,nvFARRAM=FARRAM \
  -pintsave_regs=BIGRAM,bigbss=BIGRAM,bigdata=BIGRAM -pbss=RAM \
  -pidata=CODE,irdata=CODE,ibigdata=CODE,ifardata=CODE -prparam=COMRAM \
  C:\Users\strud\AppData\Local\Temp\xcAsac8.o \
  dist/default/production\cansat.X.production.o 

Object code version is 3.11

Machine type is 18F4550



                Name                               Link     Load   Length Selector   Space Scale
C:\Users\strud\AppData\Local\Temp\xcAsac8.o
                idloc                            200000   200000        8        0       5
                config                           300000   300000        E        0       4
                init                                  E        E        4        4       0
                reset_vec                             0        0        4        0       0
dist/default/production\cansat.X.production.o
                intcode                               8        8        6        4       0
                idloc                            200000   200000        8        0       5
                config                           300000   300000        E        0       4
                temp                                 5F       5F        1        1       1
                mediumconst                        7CE4     7CE4      31C     3E72       0
                intcode_body                       596A     596A        E        4       0
                text74                             58D8     58D8       18        4       0
                text73                             5932     5932       16        4       0
                text72                             591C     591C       16        4       0
                text71                             5906     5906       16        4       0
                text70                             5782     5782       2A        4       0
                text69                             5948     5948       12        4       0
                text68                             55C4     55C4       42        4       0
                text67                             5750     5750       32        4       0
                text66                             589E     589E       1E        4       0
                text65                             3D8C     3D8C      144        4       0
                text64                             40FE     40FE      10C        4       0
                text63                             4E04     4E04       A4        4       0
                text62                             515C     515C       6A        4       0
                text61                             1858     1858      70C        4       0
                text60                             47E4     47E4       E4        4       0
                text59                             3170     3170      27C        4       0
                text58                             57FA     57FA       24        4       0
                text57                             5018     5018       70        4       0
                text56                             3FEA     3FEA      114        4       0
                text55                             35FE     35FE      1B8        4       0
                text54                             5860     5860       20        4       0
                text53                             5880     5880       1E        4       0
                text52                             5606     5606       3A        4       0
                text51                             54AA     54AA       4A        4       0
                text50                             4612     4612       EE        4       0
                text49                             50F2     50F2       6A        4       0
                text48                             4BF4     4BF4       B6        4       0
                text47                             4FA8     4FA8       70        4       0
                text46                             58F0     58F0       16        4       0
                text45                             4F30     4F30       78        4       0
                text44                             4B30     4B30       C4        4       0
                text43                             4CAA     4CAA       B0        4       0
                text42                             4700     4700       E4        4       0
                text41                             4414     4414      100        4       0
                text40                             5840     5840       20        4       0
                text39                             3C46     3C46      146        4       0
                text38                             5292     5292       64        4       0
                text37                             29AC     29AC      42A        4       0
                text36                             37B6     37B6      1B4        4       0
                text35                             4EA8     4EA8       88        4       0
                text34                             522C     522C       66        4       0
                text33                             51C6     51C6       66        4       0
                text32                             571E     571E       32        4       0
                text31                             581E     581E       22        4       0
                text30                             595A     595A       10        4       0
                text29                             5458     5458       52        4       0
                text28                             57D4     57D4       26        4       0
                text27                             56B0     56B0       38        4       0
                text26                             5406     5406       52        4       0
                text25                             3AF0     3AF0      156        4       0
                text24                             49A0     49A0       CA        4       0
                text23                             48C8     48C8       D8        4       0
                text22                             2DD6     2DD6      39A        4       0
                text21                             4D5A     4D5A       AA        4       0
                text20                             4310     4310      104        4       0
                text19                             5678     5678       38        4       0
                text18                             24EC     24EC      4C0        4       0
                text17                             553A     553A       46        4       0
                text16                             420A     420A      106        4       0
                text15                             4514     4514       FE        4       0
                text14                             33EC     33EC      212        4       0
                text13                             5580     5580       44        4       0
                text12                             56E8     56E8       36        4       0
                text11                             4A6A     4A6A       C6        4       0
                text10                             5358     5358       5C        4       0
                text9                              5640     5640       38        4       0
                text8                              54F4     54F4       46        4       0
                text7                               C4A      C4A      C0E        4       0
                text6                              396A     396A      186        4       0
                text5                              3ED0     3ED0      11A        4       0
                text4                              1F64     1F64      588        4       0
                text3                              52F6     52F6       62        4       0
                text2                              57AC     57AC       28        4       0
                text1                              53B4     53B4       52        4       0
                text0                                12       12      C38        4       0
                cstackCOMRAM                          1        1       5D        1       1
                cstackBANK0                          60       60       5F       60       1
                bssBANK2                            200      200       50      200       1
                dataBANK1                           1A9      1A9       1C      100       1
                bssBANK1                            100      100       A9      100       1
                dataBANK0                            FF       FF        1       60       1
                bssBANK0                             BF       BF       3F       60       1
                bitbssBANK0                         7F0       FE        1       60       1     8
                bssCOMRAM                            5E       5E        1        1       1
                cinit                              5088     5088       6A        4       0
                idataBANK1                         58BC     58BC       1C        4       0
                idataBANK0                         5978     5978        1        4       0

TOTAL           Name                               Link     Load   Length     Space
        CLASS   CODE           
                intcode                               8        8        6         0
                init                                  E        E        4         0
                reset_vec                             0        0        4         0
                intcode_body                       596A     596A        E         0
                text74                             58D8     58D8       18         0
                text73                             5932     5932       16         0
                text72                             591C     591C       16         0
                text71                             5906     5906       16         0
                text70                             5782     5782       2A         0
                text69                             5948     5948       12         0
                text68                             55C4     55C4       42         0
                text67                             5750     5750       32         0
                text66                             589E     589E       1E         0
                text65                             3D8C     3D8C      144         0
                text64                             40FE     40FE      10C         0
                text63                             4E04     4E04       A4         0
                text62                             515C     515C       6A         0
                text61                             1858     1858      70C         0
                text60                             47E4     47E4       E4         0
                text59                             3170     3170      27C         0
                text58                             57FA     57FA       24         0
                text57                             5018     5018       70         0
                text56                             3FEA     3FEA      114         0
                text55                             35FE     35FE      1B8         0
                text54                             5860     5860       20         0
                text53                             5880     5880       1E         0
                text52                             5606     5606       3A         0
                text51                             54AA     54AA       4A         0
                text50                             4612     4612       EE         0
                text49                             50F2     50F2       6A         0
                text48                             4BF4     4BF4       B6         0
                text47                             4FA8     4FA8       70         0
                text46                             58F0     58F0       16         0
                text45                             4F30     4F30       78         0
                text44                             4B30     4B30       C4         0
                text43                             4CAA     4CAA       B0         0
                text42                             4700     4700       E4         0
                text41                             4414     4414      100         0
                text40                             5840     5840       20         0
                text39                             3C46     3C46      146         0
                text38                             5292     5292       64         0
                text37                             29AC     29AC      42A         0
                text36                             37B6     37B6      1B4         0
                text35                             4EA8     4EA8       88         0
                text34                             522C     522C       66         0
                text33                             51C6     51C6       66         0
                text32                             571E     571E       32         0
                text31                             581E     581E       22         0
                text30                             595A     595A       10         0
                text29                             5458     5458       52         0
                text28                             57D4     57D4       26         0
                text27                             56B0     56B0       38         0
                text26                             5406     5406       52         0
                text25                             3AF0     3AF0      156         0
                text24                             49A0     49A0       CA         0
                text23                             48C8     48C8       D8         0
                text22                             2DD6     2DD6      39A         0
                text21                             4D5A     4D5A       AA         0
                text20                             4310     4310      104         0
                text19                             5678     5678       38         0
                text18                             24EC     24EC      4C0         0
                text17                             553A     553A       46         0
                text16                             420A     420A      106         0
                text15                             4514     4514       FE         0
                text14                             33EC     33EC      212         0
                text13                             5580     5580       44         0
                text12                             56E8     56E8       36         0
                text11                             4A6A     4A6A       C6         0
                text10                             5358     5358       5C         0
                text9                              5640     5640       38         0
                text8                              54F4     54F4       46         0
                text7                               C4A      C4A      C0E         0
                text6                              396A     396A      186         0
                text5                              3ED0     3ED0      11A         0
                text4                              1F64     1F64      588         0
                text3                              52F6     52F6       62         0
                text2                              57AC     57AC       28         0
                text1                              53B4     53B4       52         0
                text0                                12       12      C38         0
                cinit                              5088     5088       6A         0
                idataBANK1                         58BC     58BC       1C         0
                idataBANK0                         5978     5978        1         0

        CLASS   CONST          

        CLASS   SMALLCONST     

        CLASS   MEDIUMCONST    
                mediumconst                        7CE4     7CE4      31C         0

        CLASS   COMRAM         
                temp                                 5F       5F        1         1
                cstackCOMRAM                          1        1       5D         1
                bssCOMRAM                            5E       5E        1         1

        CLASS   ABS1           

        CLASS   BIGRAM         

        CLASS   RAM            

        CLASS   BANK0          
                cstackBANK0                          60       60       5F         1
                dataBANK0                            FF       FF        1         1
                bssBANK0                             BF       BF       3F         1
                bitbssBANK0                         7F0       FE        1         1

        CLASS   BANK1          
                dataBANK1                           1A9      1A9       1C         1
                bssBANK1                            100      100       A9         1

        CLASS   BANK2          
                bssBANK2                            200      200       50         1

        CLASS   BANK3          

        CLASS   BANK4          

        CLASS   BANK5          

        CLASS   BANK6          

        CLASS   BANK7          

        CLASS   SFR            

        CLASS   BIGSFR         

        CLASS   CONFIG         
                config                           300000   300000        E         4

        CLASS   IDLOC          
                idloc                            200000   200000        8         5

        CLASS   EEDATA         

        CLASS   FARRAM         

        CLASS   HEAP           

        CLASS   STACK          



SEGMENTS        Name                           Load    Length   Top    Selector   Space  Class

                reset_vec                      000000  000004  000004         0       0  CODE    
                cstackCOMRAM                   000001  00005F  000060         1       1  COMRAM  
                intcode                        000008  005971  005979         4       0  CODE    
                cstackBANK0                    000060  0000A0  000100        60       1  BANK0   
                bssBANK1                       000100  0000C5  0001C5       100       1  BANK1   
                bssBANK2                       000200  000050  000250       200       1  BANK2   
                mediumconst                    007CE4  00031C  008000      3E72       0  MEDIUMCO


UNUSED ADDRESS RANGES

        Name                Unused          Largest block    Delta
        BANK1            0001C5-0001FF               3B
        BANK2            000250-0002FF               B0
        BANK3            000300-0003FF              100
        BANK4            000400-0004FF              100
        BANK5            000500-0005FF              100
        BANK6            000600-0006FF              100
        BANK7            000700-0007FF              100
        BIGRAM           0001C5-0001FF               3B
                         000250-0007FF              5B0
        BIGSFR           000F60-000FFF               A0
        CODE             000004-000007                4
                         005979-007CE3             236B
        CONST            000004-000007                4
                         005979-007CE3             236B
        EEDATA           F00000-F000FF              100
        MEDIUMCONST      005979-007CE3             236B
        RAM              0001C5-0001FF               3B
                         000250-0007FF              100
        SFR              000F60-000FFF               A0
        SMALLCONST       005979-007CE3              100

                                  Symbol Table

?_BMP280_Read16                 cstackCOMRAM 000002
?_I2C_INA_read                  cstackCOMRAM 000002
?___aldiv                       cstackCOMRAM 000001
?___awdiv                       cstackCOMRAM 000001
?___awmod                       cstackCOMRAM 000001
?___fladd                       cstackCOMRAM 000001
?___fldiv                       cstackCOMRAM 00000F
?___flmul                       cstackCOMRAM 00000F
?___flneg                       cstackCOMRAM 000001
?___flsub                       cstackCOMRAM 000028
?___fltol                       cstackCOMRAM 000001
?___fpclassifyf                 cstackCOMRAM 000001
?___lldiv                       cstackCOMRAM 000001
?___lmul                        cstackCOMRAM 00000F
?___wmul                        cstackCOMRAM 000001
?___xxtofl                      cstackCOMRAM 000001
?_atoi                          cstackCOMRAM 000008
?_ctoa                          cstackCOMRAM 00000B
?_efgtoa                        cstackCOMRAM 00003C
?_floorf                        cstackCOMRAM 000028
?_ina219GetBusVoltage_V         cstackCOMRAM 000028
?_ina219GetCurrent_mA           cstackCOMRAM 000028
?_ina219GetPower_mW             cstackCOMRAM 000028
?_isdigit                       cstackCOMRAM 000001
?_isspace                       cstackCOMRAM 000001
?_isupper                       cstackCOMRAM 000001
?_pad                           cstackCOMRAM 000012
?_printf                        cstackBANK0  00009A
?_sprintf                       cstackBANK0  00009A
?_stoa                          cstackCOMRAM 00000B
?_strcmp                        cstackCOMRAM 000001
?_strlen                        cstackCOMRAM 000001
?_strncmp                       cstackCOMRAM 000001
?_tolower                       cstackCOMRAM 000007
?_vfpfcnvrt                     cstackCOMRAM 000048
?_vfprintf                      cstackBANK0  000092
BMP280_Read16@reg_addr          cstackCOMRAM 000004
BMP280_Read16@ret               cstackCOMRAM 000005
BMP280_Read8@reg_addr           cstackCOMRAM 000002
BMP280_Read8@ret                cstackCOMRAM 000003
BMP280_Update@ret               cstackCOMRAM 000006
BMP280_Write@_data              cstackCOMRAM 000002
BMP280_Write@reg_addr           cstackCOMRAM 000003
BMP280_begin@P_sampling         cstackCOMRAM 000008
BMP280_begin@T_sampling         cstackCOMRAM 000007
BMP280_begin@_config            cstackCOMRAM 00000F
BMP280_begin@_ctrl_meas         cstackCOMRAM 00000E
BMP280_begin@filter             cstackCOMRAM 000009
BMP280_begin@mode               cstackCOMRAM 00000D
BMP280_begin@standby            cstackCOMRAM 00000A
BMP280_readPressure@pres        cstackCOMRAM 00001B
BMP280_readTemperature@temp     cstackCOMRAM 00001B
Expander_Write@value            cstackCOMRAM 000002
GPSRead_gga@alt                 cstackCOMRAM 000006
GPSRead_gga@nmea_log            cstackCOMRAM 00000A
GPSRead_gga@satel               cstackCOMRAM 000008
GPSRead_gga@stream              cstackCOMRAM 00000C
GPSRead_rmc@course              cstackCOMRAM 000012
GPSRead_rmc@date                cstackCOMRAM 000008
GPSRead_rmc@lat                 cstackCOMRAM 00000C
GPSRead_rmc@lon                 cstackCOMRAM 00000E
GPSRead_rmc@nmea_log            cstackCOMRAM 00000A
GPSRead_rmc@speed               cstackCOMRAM 000010
GPSRead_rmc@stream              cstackCOMRAM 000014
GPSRead_rmc@time                cstackCOMRAM 000006
I2C_INA_read@registro           cstackCOMRAM 000006
I2C_INA_write@registro          cstackCOMRAM 000004
I2C_INA_write@valor             cstackCOMRAM 000002
I2C_Tx_data@data                cstackCOMRAM 000001
LCD_Begin@address               cstackCOMRAM 000008
LCD_Cmd@Command                 cstackCOMRAM 000005
LCD_Goto@col                    cstackCOMRAM 000009
LCD_Goto@row                    cstackCOMRAM 000006
LCD_Print@LCD_Str               cstackCOMRAM 000004
LCD_Print@i                     cstackCOMRAM 000009
LCD_Write_Nibble@n              cstackCOMRAM 000003
UART_Print@data                 cstackCOMRAM 000002
UART_Print@i                    cstackCOMRAM 000006
USART_Init@BAUD                 cstackCOMRAM 00000F
_ADCON1bits                     (abs)        000FC1
_BMP280_Read16                  text68       0055C4
_BMP280_Read8                   text67       005750
_BMP280_Update                  text60       0047E4
_BMP280_Write                   text66       00589E
_BMP280_begin                   text65       003D8C
_BMP280_calib                   bssBANK1     00011A
_BMP280_readPressure            text61       001858
_BMP280_readPressure$2566       cstackCOMRAM 000031
_BMP280_readPressure$2567       cstackCOMRAM 000025
_BMP280_readPressure$2568       cstackCOMRAM 000029
_BMP280_readPressure$2569       cstackCOMRAM 00002D
_BMP280_readTemperature         text59       003170
_BMP280_readTemperature$2564    cstackCOMRAM 000029
_BMP280_readTemperature$2565    cstackCOMRAM 000025
_CREN                           (abs)        007D5C
_CheckSum                       bssBANK0     0000F8
_Expander_Write                 text53       005880
_GPSRead_gga                    text56       003FEA
_GPSRead_rmc                    text55       0035FE
_I2C_INA_read                   text38       005292
_I2C_INA_write                  text32       00571E
_I2C_Rx_ack                     text74       0058D8
_I2C_Rx_data                    text73       005932
_I2C_Rx_nack                    text72       00591C
_I2C_Tx_data                    text70       005782
_I2C_master_init                text54       005860
_I2C_start                      text69       005948
_I2C_stop                       text71       005906
_INA_2bytes                     bssBANK0     0000E7
_INTCON2bits                    (abs)        000FF1
_INTCON3bits                    (abs)        000FF0
_INTCONbits                     (abs)        000FF2
_ISR1                           intcode      000008
_LCD_Begin                      text50       004612
_LCD_Cmd                        text51       0054AA
_LCD_Goto                       text49       0050F2
_LCD_Print                      text48       004BF4
_LCD_Write_Nibble               text52       005606
_OERR                           (abs)        007D59
_PIR1bits                       (abs)        000F9E
_PORTA                          (abs)        000F80
_PORTAbits                      (abs)        000F80
_RCONbits                       (abs)        000FD0
_RCREG                          (abs)        000FAE
_RCSTAbits                      (abs)        000FAB
_RH_Byte1                       bssBANK0     0000FA
_RH_Byte2                       bssBANK0     0000F9
_RS                             bitbssBANK0  0007F0
_SPBRG                          (abs)        000FAF
_SSPADD                         (abs)        000FC8
_SSPBUF                         (abs)        000FC9
_SSPCON1bits                    (abs)        000FC6
_SSPCON2                        (abs)        000FC5
_SSPCON2bits                    (abs)        000FC5
_SSPSTATbits                    (abs)        000FC7
_T1CONbits                      (abs)        000FCD
_TMR1H                          (abs)        000FCF
_TMR1L                          (abs)        000FCE
_TMR1_VALUE                     bssBANK1     000118
_TRISAbits                      (abs)        000F92
_TRISBbits                      (abs)        000F93
_TRISCbits                      (abs)        000F94
_TXREG                          (abs)        000FAD
_TXSTAbits                      (abs)        000FAC
_T_Byte1                        bssBANK0     0000FC
_T_Byte2                        bssBANK0     0000FB
_UART_Print                     text45       004F30
_USART_Init                     text47       004FA8
_USART_Init$2563                cstackCOMRAM 000013
__HRAM                          (abs)        000000
__Habs1                         abs1         000000
__Hbank0                        bank0        000000
__Hbank1                        bank1        000000
__Hbank2                        bank2        000000
__Hbank3                        bank3        000000
__Hbank4                        bank4        000000
__Hbank5                        bank5        000000
__Hbank6                        bank6        000000
__Hbank7                        bank7        000000
__Hbigbss                       bigbss       000000
__Hbigdata                      bigdata      000000
__Hbigram                       bigram       000000
__Hbigsfr                       bigsfr       000000
__HbitbssBANK0                  bitbssBANK0  000000
__Hbss                          bss          000000
__HbssBANK0                     bssBANK0     000000
__HbssBANK1                     bssBANK1     000000
__HbssBANK2                     bssBANK2     000000
__HbssCOMRAM                    bssCOMRAM    000000
__Hcinit                        cinit        000000
__Hclrtext                      clrtext      000000
__Hcomram                       comram       000000
__Hconfig                       config       30000E
__Hconst                        const        000000
__HcstackBANK0                  cstackBANK0  000000
__HcstackCOMRAM                 cstackCOMRAM 000000
__Hdata                         data         000000
__HdataBANK0                    dataBANK0    000000
__HdataBANK1                    dataBANK1    000000
__Heeprom_data                  eeprom_data  000000
__Hfarbss                       farbss       000000
__Hfardata                      fardata      000000
__Hheap                         heap         000000
__Hibigdata                     ibigdata     000000
__Hidata                        idata        000000
__HidataBANK0                   idataBANK0   000000
__HidataBANK1                   idataBANK1   000000
__Hidloc                        idloc        200008
__Hifardata                     ifardata     000000
__Hinit                         init         000012
__Hintcode                      intcode      00000E
__Hintcode_body                 intcode_body 000000
__Hintcodelo                    intcodelo    00000E
__Hintentry                     intentry     000000
__Hintret                       intret       000000
__Hintsave_regs                 intsave_regs 000000
__Hirdata                       irdata       000000
__Hmediumconst                  mediumconst  008000
__HnvFARRAM                     nvFARRAM     000000
__Hnvbit                        nvbit        000000
__Hnvrram                       nvrram       000000
__Hparam                        rparam       000000
__Hpowerup                      powerup      00000E
__Hram                          ram          000000
__Hramtop                       ramtop       000800
__Hrbit                         rbit         000000
__Hrbss                         rbss         000000
__Hrdata                        rdata        000000
__Hreset_vec                    reset_vec    000004
__Hrparam                       rparam       000000
__Hsfr                          sfr          000000
__Hsmallconst                   smallconst   000000
__Hspace_0                      (abs)        008000
__Hspace_1                      (abs)        0007F1
__Hspace_2                      (abs)        000000
__Hspace_4                      (abs)        60000E
__Hstack                        stack        000000
__Hstruct                       struct       000000
__Htemp                         temp         000060
__Htext                         text         000000
__Htext0                        text0        000000
__Htext1                        text1        000000
__Htext10                       text10       000000
__Htext11                       text11       000000
__Htext12                       text12       000000
__Htext13                       text13       000000
__Htext14                       text14       000000
__Htext15                       text15       000000
__Htext16                       text16       000000
__Htext17                       text17       000000
__Htext18                       text18       000000
__Htext19                       text19       000000
__Htext2                        text2        000000
__Htext20                       text20       000000
__Htext21                       text21       000000
__Htext22                       text22       000000
__Htext23                       text23       000000
__Htext24                       text24       000000
__Htext25                       text25       000000
__Htext26                       text26       000000
__Htext27                       text27       000000
__Htext28                       text28       000000
__Htext29                       text29       000000
__Htext3                        text3        000000
__Htext30                       text30       000000
__Htext31                       text31       000000
__Htext32                       text32       000000
__Htext33                       text33       000000
__Htext34                       text34       000000
__Htext35                       text35       000000
__Htext36                       text36       000000
__Htext37                       text37       000000
__Htext38                       text38       000000
__Htext39                       text39       000000
__Htext4                        text4        000000
__Htext40                       text40       000000
__Htext41                       text41       000000
__Htext42                       text42       000000
__Htext43                       text43       000000
__Htext44                       text44       000000
__Htext45                       text45       000000
__Htext46                       text46       000000
__Htext47                       text47       000000
__Htext48                       text48       000000
__Htext49                       text49       000000
__Htext5                        text5        000000
__Htext50                       text50       000000
__Htext51                       text51       000000
__Htext52                       text52       000000
__Htext53                       text53       000000
__Htext54                       text54       000000
__Htext55                       text55       000000
__Htext56                       text56       000000
__Htext57                       text57       000000
__Htext58                       text58       000000
__Htext59                       text59       000000
__Htext6                        text6        000000
__Htext60                       text60       000000
__Htext61                       text61       000000
__Htext62                       text62       000000
__Htext63                       text63       000000
__Htext64                       text64       000000
__Htext65                       text65       000000
__Htext66                       text66       000000
__Htext67                       text67       000000
__Htext68                       text68       000000
__Htext69                       text69       000000
__Htext7                        text7        000000
__Htext70                       text70       000000
__Htext71                       text71       000000
__Htext72                       text72       000000
__Htext73                       text73       000000
__Htext74                       text74       000000
__Htext8                        text8        000000
__Htext9                        text9        000000
__LRAM                          (abs)        000001
__Labs1                         abs1         000000
__Lbank0                        bank0        000000
__Lbank1                        bank1        000000
__Lbank2                        bank2        000000
__Lbank3                        bank3        000000
__Lbank4                        bank4        000000
__Lbank5                        bank5        000000
__Lbank6                        bank6        000000
__Lbank7                        bank7        000000
__Lbigbss                       bigbss       000000
__Lbigdata                      bigdata      000000
__Lbigram                       bigram       000000
__Lbigsfr                       bigsfr       000000
__LbitbssBANK0                  bitbssBANK0  000000
__Lbss                          bss          000000
__LbssBANK0                     bssBANK0     000000
__LbssBANK1                     bssBANK1     000000
__LbssBANK2                     bssBANK2     000000
__LbssCOMRAM                    bssCOMRAM    000000
__Lcinit                        cinit        000000
__Lclrtext                      clrtext      000000
__Lcomram                       comram       000000
__Lconfig                       config       000000
__Lconst                        const        000000
__LcstackBANK0                  cstackBANK0  000000
__LcstackCOMRAM                 cstackCOMRAM 000000
__Ldata                         data         000000
__LdataBANK0                    dataBANK0    000000
__LdataBANK1                    dataBANK1    000000
__Leeprom_data                  eeprom_data  000000
__Lfarbss                       farbss       000000
__Lfardata                      fardata      000000
__Lheap                         heap         000000
__Libigdata                     ibigdata     000000
__Lidata                        idata        000000
__LidataBANK0                   idataBANK0   000000
__LidataBANK1                   idataBANK1   000000
__Lidloc                        idloc        000000
__Lifardata                     ifardata     000000
__Linit                         init         00000E
__Lintcode                      intcode      000008
__Lintcode_body                 intcode_body 000000
__Lintcodelo                    intcodelo    00000E
__Lintentry                     intentry     000000
__Lintret                       intret       000000
__Lintsave_regs                 intsave_regs 000000
__Lirdata                       irdata       000000
__Lmediumconst                  mediumconst  007CE4
__LnvFARRAM                     nvFARRAM     000000
__Lnvbit                        nvbit        000000
__Lnvrram                       nvrram       000000
__Lparam                        rparam       000000
__Lpowerup                      powerup      00000E
__Lram                          ram          000000
__Lramtop                       ramtop       000800
__Lrbit                         rbit         000000
__Lrbss                         rbss         000000
__Lrdata                        rdata        000000
__Lreset_vec                    reset_vec    000000
__Lrparam                       rparam       000000
__Lsfr                          sfr          000000
__Lsmallconst                   smallconst   000000
__Lspace_0                      (abs)        000000
__Lspace_1                      (abs)        000000
__Lspace_2                      (abs)        000000
__Lspace_4                      (abs)        000000
__Lstack                        stack        000000
__Lstruct                       struct       000000
__Ltemp                         temp         00005F
__Ltext                         text         000000
__Ltext0                        text0        000000
__Ltext1                        text1        000000
__Ltext10                       text10       000000
__Ltext11                       text11       000000
__Ltext12                       text12       000000
__Ltext13                       text13       000000
__Ltext14                       text14       000000
__Ltext15                       text15       000000
__Ltext16                       text16       000000
__Ltext17                       text17       000000
__Ltext18                       text18       000000
__Ltext19                       text19       000000
__Ltext2                        text2        000000
__Ltext20                       text20       000000
__Ltext21                       text21       000000
__Ltext22                       text22       000000
__Ltext23                       text23       000000
__Ltext24                       text24       000000
__Ltext25                       text25       000000
__Ltext26                       text26       000000
__Ltext27                       text27       000000
__Ltext28                       text28       000000
__Ltext29                       text29       000000
__Ltext3                        text3        000000
__Ltext30                       text30       000000
__Ltext31                       text31       000000
__Ltext32                       text32       000000
__Ltext33                       text33       000000
__Ltext34                       text34       000000
__Ltext35                       text35       000000
__Ltext36                       text36       000000
__Ltext37                       text37       000000
__Ltext38                       text38       000000
__Ltext39                       text39       000000
__Ltext4                        text4        000000
__Ltext40                       text40       000000
__Ltext41                       text41       000000
__Ltext42                       text42       000000
__Ltext43                       text43       000000
__Ltext44                       text44       000000
__Ltext45                       text45       000000
__Ltext46                       text46       000000
__Ltext47                       text47       000000
__Ltext48                       text48       000000
__Ltext49                       text49       000000
__Ltext5                        text5        000000
__Ltext50                       text50       000000
__Ltext51                       text51       000000
__Ltext52                       text52       000000
__Ltext53                       text53       000000
__Ltext54                       text54       000000
__Ltext55                       text55       000000
__Ltext56                       text56       000000
__Ltext57                       text57       000000
__Ltext58                       text58       000000
__Ltext59                       text59       000000
__Ltext6                        text6        000000
__Ltext60                       text60       000000
__Ltext61                       text61       000000
__Ltext62                       text62       000000
__Ltext63                       text63       000000
__Ltext64                       text64       000000
__Ltext65                       text65       000000
__Ltext66                       text66       000000
__Ltext67                       text67       000000
__Ltext68                       text68       000000
__Ltext69                       text69       000000
__Ltext7                        text7        000000
__Ltext70                       text70       000000
__Ltext71                       text71       000000
__Ltext72                       text72       000000
__Ltext73                       text73       000000
__Ltext74                       text74       000000
__Ltext8                        text8        000000
__Ltext9                        text9        000000
__S0                            (abs)        008000
__S1                            (abs)        000250
__S4                            (abs)        000000
__S5                            (abs)        000000
___aldiv                        text64       0040FE
___aldiv@counter                cstackCOMRAM 000009
___aldiv@dividend               cstackCOMRAM 000001
___aldiv@divisor                cstackCOMRAM 000005
___aldiv@quotient               cstackCOMRAM 00000B
___aldiv@sign                   cstackCOMRAM 00000A
___awdiv                        text44       004B30
___awdiv@counter                cstackCOMRAM 000005
___awdiv@dividend               cstackCOMRAM 000001
___awdiv@divisor                cstackCOMRAM 000003
___awdiv@quotient               cstackCOMRAM 000007
___awdiv@sign                   cstackCOMRAM 000006
___awmod                        text43       004CAA
___awmod@counter                cstackCOMRAM 000005
___awmod@dividend               cstackCOMRAM 000001
___awmod@divisor                cstackCOMRAM 000003
___awmod@sign                   cstackCOMRAM 000006
___fladd                        text18       0024EC
___fladd@a                      cstackCOMRAM 000005
___fladd@aexp                   cstackCOMRAM 00000E
___fladd@b                      cstackCOMRAM 000001
___fladd@bexp                   cstackCOMRAM 00000F
___fladd@grs                    cstackCOMRAM 000010
___fladd@signs                  cstackCOMRAM 00000D
___fldiv                        text22       002DD6
___fldiv@a                      cstackCOMRAM 000013
___fldiv@aexp                   cstackCOMRAM 000027
___fldiv@b                      cstackCOMRAM 00000F
___fldiv@bexp                   cstackCOMRAM 000026
___fldiv@grs                    cstackCOMRAM 000022
___fldiv@new_exp                cstackCOMRAM 000020
___fldiv@rem                    cstackCOMRAM 00001B
___fldiv@sign                   cstackCOMRAM 00001F
___fleq                         text21       004D5A
___fleq@ff1                     cstackCOMRAM 000001
___fleq@ff2                     cstackCOMRAM 000005
___flge                         text20       004310
___flge@ff1                     cstackCOMRAM 000028
___flge@ff2                     cstackCOMRAM 00002C
___flmul                        text37       0029AC
___flmul@a                      cstackCOMRAM 000013
___flmul@aexp                   cstackCOMRAM 000020
___flmul@b                      cstackCOMRAM 00000F
___flmul@bexp                   cstackCOMRAM 000021
___flmul@grs                    cstackCOMRAM 00001C
___flmul@prod                   cstackCOMRAM 000022
___flmul@sign                   cstackCOMRAM 00001B
___flmul@temp                   cstackCOMRAM 000026
___flneg                        text19       005678
___flneg@f1                     cstackCOMRAM 000001
___flsub                        text17       00553A
___flsub@a                      cstackCOMRAM 00002C
___flsub@b                      cstackCOMRAM 000028
___fltol                        text16       00420A
___fltol@exp1                   cstackCOMRAM 00000A
___fltol@f1                     cstackCOMRAM 000001
___fltol@sign1                  cstackCOMRAM 000009
___fpclassifyf                  text15       004514
___fpclassifyf@F465             bssBANK1     000104
___fpclassifyf@e                cstackCOMRAM 000009
___fpclassifyf@u                cstackCOMRAM 00000B
___fpclassifyf@x                cstackCOMRAM 000001
___heap_hi                      (abs)        000000
___heap_lo                      (abs)        000000
___inthi_sp                     stack        000000
___intlo_sp                     stack        000000
___lldiv                        text63       004E04
___lldiv@counter                cstackCOMRAM 00000D
___lldiv@dividend               cstackCOMRAM 000001
___lldiv@divisor                cstackCOMRAM 000005
___lldiv@quotient               cstackCOMRAM 000009
___lmul                         text62       00515C
___lmul@multiplicand            cstackCOMRAM 000013
___lmul@multiplier              cstackCOMRAM 00000F
___lmul@product                 cstackCOMRAM 000017
___param_bank                   (abs)        000000
___rparam_used                  (abs)        000001
___sp                           stack        000000
___wmul                         text28       0057D4
___wmul@multiplicand            cstackCOMRAM 000003
___wmul@multiplier              cstackCOMRAM 000001
___wmul@product                 cstackCOMRAM 000005
___xxtofl                       text36       0037B6
___xxtofl@arg                   cstackCOMRAM 00000B
___xxtofl@exp                   cstackCOMRAM 00000A
___xxtofl@sign                  cstackCOMRAM 000009
___xxtofl@val                   cstackCOMRAM 000001
__accesstop                     (abs)        000060
__activetblptr                  (abs)        000002
__end_of_BMP280_Read16          text68       005606
__end_of_BMP280_Read8           text67       005782
__end_of_BMP280_Update          text60       0048C8
__end_of_BMP280_Write           text66       0058BC
__end_of_BMP280_begin           text65       003ED0
__end_of_BMP280_readPressure    text61       001F64
__end_of_BMP280_readTemperature text59       0033EC
__end_of_Expander_Write         text53       00589E
__end_of_GPSRead_gga            text56       0040FE
__end_of_GPSRead_rmc            text55       0037B6
__end_of_I2C_INA_read           text38       0052F6
__end_of_I2C_INA_write          text32       005750
__end_of_I2C_Rx_ack             text74       0058F0
__end_of_I2C_Rx_data            text73       005948
__end_of_I2C_Rx_nack            text72       005932
__end_of_I2C_Tx_data            text70       0057AC
__end_of_I2C_master_init        text54       005880
__end_of_I2C_start              text69       00595A
__end_of_I2C_stop               text71       00591C
__end_of_ISR1                   intcode_body 005978
__end_of_LCD_Begin              text50       004700
__end_of_LCD_Cmd                text51       0054F4
__end_of_LCD_Goto               text49       00515C
__end_of_LCD_Print              text48       004CAA
__end_of_LCD_Write_Nibble       text52       005640
__end_of_UART_Print             text45       004FA8
__end_of_USART_Init             text47       005018
__end_of___aldiv                text64       00420A
__end_of___awdiv                text44       004BF4
__end_of___awmod                text43       004D5A
__end_of___fladd                text18       0029AC
__end_of___fldiv                text22       003170
__end_of___fleq                 text21       004E04
__end_of___flge                 text20       004414
__end_of___flmul                text37       002DD6
__end_of___flneg                text19       0056B0
__end_of___flsub                text17       005580
__end_of___fltol                text16       004310
__end_of___fpclassifyf          text15       004612
__end_of___lldiv                text63       004EA8
__end_of___lmul                 text62       0051C6
__end_of___wmul                 text28       0057FA
__end_of___xxtofl               text36       00396A
__end_of__initialization        cinit        0050E4
__end_of_atoi                   text25       003C46
__end_of_check_response_dht11   text42       0047E4
__end_of_ctoa                   text23       0049A0
__end_of_dht11_check_humidity   text39       003D8C
__end_of_efgtoa                 text7        001858
__end_of_floorf                 text14       0035FE
__end_of_fputc                  text24       004A6A
__end_of_fputs                  text13       0055C4
__end_of_getch                  text58       00581E
__end_of_gps_gga                mediumconst  007CEB
__end_of_gps_rmc                mediumconst  007CF1
__end_of_ina219GetBusVoltage_V  text35       004F30
__end_of_ina219GetCurrent_mA    text34       005292
__end_of_ina219GetPower_mW      text33       00522C
__end_of_ina219Init             text31       005840
__end_of_int_ext_enable         text30       00596A
__end_of_isdigit                text27       0056E8
__end_of_isspace                text26       005458
__end_of_isupper                text9        005678
__end_of_main                   text0        000C4A
__end_of_memcpy                 text29       0054AA
__end_of_pad                    text11       004B30
__end_of_printf                 text2        0057D4
__end_of_putch                  text46       005906
__end_of_read_data_dht11        text41       004514
__end_of_sprintf                text1        005406
__end_of_start_signal_dht11     text40       005860
__end_of_stoa                   text6        003AF0
__end_of_strcmp                 text57       005088
__end_of_strcpy                 text10       0053B4
__end_of_strlen                 text12       00571E
__end_of_strncmp                text5        003FEA
__end_of_tolower                text8        00553A
__end_of_vfpfcnvrt              text4        0024EC
__end_of_vfprintf               text3        005358
__initialization                cinit        005088
__mediumconst                   mediumconst  007CE4
__pbitbssBANK0                  bitbssBANK0  0007F0
__pbssBANK0                     bssBANK0     0000BF
__pbssBANK1                     bssBANK1     000100
__pbssBANK2                     bssBANK2     000200
__pbssCOMRAM                    bssCOMRAM    00005E
__pcinit                        cinit        005088
__pcstackBANK0                  cstackBANK0  000060
__pcstackCOMRAM                 cstackCOMRAM 000001
__pdataBANK0                    dataBANK0    0000FF
__pdataBANK1                    dataBANK1    0001A9
__pidataBANK0                   idataBANK0   005978
__pidataBANK1                   idataBANK1   0058BC
__pintcode                      intcode      000008
__pintcode_body                 intcode_body 00596A
__pmediumconst                  mediumconst  007CE4
__ptext0                        text0        000012
__ptext1                        text1        0053B4
__ptext10                       text10       005358
__ptext11                       text11       004A6A
__ptext12                       text12       0056E8
__ptext13                       text13       005580
__ptext14                       text14       0033EC
__ptext15                       text15       004514
__ptext16                       text16       00420A
__ptext17                       text17       00553A
__ptext18                       text18       0024EC
__ptext19                       text19       005678
__ptext2                        text2        0057AC
__ptext20                       text20       004310
__ptext21                       text21       004D5A
__ptext22                       text22       002DD6
__ptext23                       text23       0048C8
__ptext24                       text24       0049A0
__ptext25                       text25       003AF0
__ptext26                       text26       005406
__ptext27                       text27       0056B0
__ptext28                       text28       0057D4
__ptext29                       text29       005458
__ptext3                        text3        0052F6
__ptext30                       text30       00595A
__ptext31                       text31       00581E
__ptext32                       text32       00571E
__ptext33                       text33       0051C6
__ptext34                       text34       00522C
__ptext35                       text35       004EA8
__ptext36                       text36       0037B6
__ptext37                       text37       0029AC
__ptext38                       text38       005292
__ptext39                       text39       003C46
__ptext4                        text4        001F64
__ptext40                       text40       005840
__ptext41                       text41       004414
__ptext42                       text42       004700
__ptext43                       text43       004CAA
__ptext44                       text44       004B30
__ptext45                       text45       004F30
__ptext46                       text46       0058F0
__ptext47                       text47       004FA8
__ptext48                       text48       004BF4
__ptext49                       text49       0050F2
__ptext5                        text5        003ED0
__ptext50                       text50       004612
__ptext51                       text51       0054AA
__ptext52                       text52       005606
__ptext53                       text53       005880
__ptext54                       text54       005860
__ptext55                       text55       0035FE
__ptext56                       text56       003FEA
__ptext57                       text57       005018
__ptext58                       text58       0057FA
__ptext59                       text59       003170
__ptext6                        text6        00396A
__ptext60                       text60       0047E4
__ptext61                       text61       001858
__ptext62                       text62       00515C
__ptext63                       text63       004E04
__ptext64                       text64       0040FE
__ptext65                       text65       003D8C
__ptext66                       text66       00589E
__ptext67                       text67       005750
__ptext68                       text68       0055C4
__ptext69                       text69       005948
__ptext7                        text7        000C4A
__ptext70                       text70       005782
__ptext71                       text71       005906
__ptext72                       text72       00591C
__ptext73                       text73       005932
__ptext74                       text74       0058D8
__ptext8                        text8        0054F4
__ptext9                        text9        005640
__ramtop                        ramtop       000800
__smallconst                    smallconst   000000
_adc_P                          bssBANK1     000108
_adc_T                          bssBANK0     0000CF
_alt                            bssBANK1     00017D
_atoi                           text25       003AF0
_backlight_val                  dataBANK0    0000FF
_boton                          bssBANK0     0000EE
_calibration_value              bssBANK0     0000E3
_ch                             bssCOMRAM    00005E
_change_array                   bssBANK0     0000EC
_check_response_dht11           text42       004700
_corriente                      bssBANK1     000110
_course                         bssBANK1     000187
_ctoa                           text23       0048C8
_date                           bssBANK1     00019E
_dbuf                           bssBANK2     000200
_description                    bssBANK1     000132
_dht11_check_humidity           text39       003C46
_efgtoa                         text7        000C4A
_efgtoa$2114                    cstackBANK0  000060
_efgtoa$2122                    cstackBANK0  000062
_efgtoa$2123                    cstackBANK0  000064
_flags                          bssBANK0     0000E1
_floorf                         text14       0033EC
_fputc                          text24       0049A0
_fputs                          text13       005580
_getch                          text58       0057FA
_gps_gga                        mediumconst  007CE5
_gps_rmc                        mediumconst  007CEB
_humidity                       dataBANK1    0001B2
_i                              bssBANK0     0000EF
_i2c_addr                       bssBANK0     0000EB
_ina219GetBusVoltage_V          text35       004EA8
_ina219GetCurrent_mA            text34       00522C
_ina219GetPower_mW              text33       0051C6
_ina219Init                     text31       00581E
_int_ext_enable                 text30       00595A
_isdigit                        text27       0056B0
_isspace                        text26       005406
_isspace$2220                   cstackCOMRAM 000007
_isupper                        text9        005640
_j                              bssBANK0     0000ED
_lat                            bssBANK1     000165
_lcd_text                       bssBANK1     000146
_lon                            bssBANK1     000158
_main                           text0        000012
_memcpy                         text29       005458
_nmea_log                       bssBANK1     000197
_nout                           bssBANK0     0000DB
_p                              bssBANK0     0000BF
_pad                            text11       004A6A
_potencia                       bssBANK1     00010C
_prec                           bssBANK0     0000DF
_pres                           bssBANK0     0000F0
_printf                         text2        0057AC
_ptr_h                          dataBANK1    0001B0
_putch                          text46       0058F0
_read_data_dht11                text41       004414
_satel                          bssBANK1     0001A5
_speed                          bssBANK1     00018F
_split                          bssBANK0     0000E9
_sprintf                        text1        0053B4
_start_signal_dht11             text40       005840
_stoa                           text6        00396A
_strcmp                         text57       005018
_strcpy                         text10       005358
_stream                         bssBANK0     0000FD
_strlen                         text12       0056E8
_strncmp                        text5        003ED0
_t_fine                         bssBANK0     0000CB
_temp                           bssBANK0     0000F4
_time                           bssBANK1     000171
_tolower                        text8        0054F4
_tx_variable                    bssBANK0     0000D7
_value1                         bssBANK0     0000E5
_value2                         bssBANK0     0000D3
_var1                           bssBANK0     0000C7
_var2                           bssBANK0     0000C3
_vfpfcnvrt                      text4        001F64
_vfpfcnvrt$2156                 cstackCOMRAM 000054
_vfprintf                       text3        0052F6
_voltaje                        bssBANK1     000114
_width                          bssBANK0     0000DD
atoi@n                          cstackCOMRAM 000010
atoi@neg                        cstackCOMRAM 00000E
atoi@s                          cstackCOMRAM 000008
btemp                           temp         00005F
ctoa@c                          cstackCOMRAM 00000D
ctoa@fp                         cstackCOMRAM 00000B
ctoa@l                          cstackCOMRAM 00000F
ctoa@w                          cstackCOMRAM 000011
dht11_check_humidity@ptr_h      cstackCOMRAM 000009
efgtoa@c                        cstackCOMRAM 000042
efgtoa@d                        cstackBANK0  000072
efgtoa@e                        cstackBANK0  00008A
efgtoa@f                        cstackCOMRAM 00003E
efgtoa@fp                       cstackCOMRAM 00003C
efgtoa@g                        cstackBANK0  000086
efgtoa@h                        cstackBANK0  00007C
efgtoa@i                        cstackBANK0  000084
efgtoa@l                        cstackBANK0  000080
efgtoa@m                        cstackBANK0  00006C
efgtoa@mode                     cstackBANK0  00007B
efgtoa@n                        cstackBANK0  00008C
efgtoa@ne                       cstackBANK0  00006A
efgtoa@nmode                    cstackBANK0  00007A
efgtoa@ou                       cstackBANK0  00006E
efgtoa@p                        cstackBANK0  000076
efgtoa@pp                       cstackBANK0  000068
efgtoa@sign                     cstackBANK0  000074
efgtoa@t                        cstackBANK0  000066
efgtoa@u                        cstackBANK0  00008E
efgtoa@w                        cstackBANK0  000078
end_of_initialization           cinit        0050E4
floorf@F526                     bssBANK1     000100
floorf@e                        cstackCOMRAM 000036
floorf@m                        cstackCOMRAM 000032
floorf@u                        cstackCOMRAM 000038
floorf@x                        cstackCOMRAM 000028
fputc@c                         cstackCOMRAM 000002
fputc@fp                        cstackCOMRAM 000004
fputs@c                         cstackCOMRAM 00000F
fputs@fp                        cstackCOMRAM 00000D
fputs@i                         cstackCOMRAM 000010
fputs@s                         cstackCOMRAM 00000B
int$flags                       temp         00005F
int_func                        intcode_body 00596A
intlevel0                       text         000000
intlevel1                       text         000000
intlevel2                       text         000000
intlevel3                       text         000000
isa$std                         (abs)        000001
isa$xinst                       (abs)        000000
isdigit@c                       cstackCOMRAM 000001
isspace@c                       cstackCOMRAM 000001
isupper@c                       cstackCOMRAM 000001
memcpy@d                        cstackCOMRAM 000007
memcpy@d1                       cstackCOMRAM 000001
memcpy@n                        cstackCOMRAM 000005
memcpy@s                        cstackCOMRAM 000009
memcpy@s1                       cstackCOMRAM 000003
memcpy@tmp                      cstackCOMRAM 00000B
pad@buf                         cstackCOMRAM 000014
pad@fp                          cstackCOMRAM 000012
pad@i                           cstackCOMRAM 000019
pad@p                           cstackCOMRAM 000016
pad@w                           cstackCOMRAM 00001B
printf@ap                       cstackBANK0  0000AE
printf@fmt                      cstackBANK0  00009A
putch@data                      cstackCOMRAM 000001
read_data_dht11@dht_data        cstackCOMRAM 000001
read_data_dht11@i               cstackCOMRAM 000007
sprintf@ap                      cstackBANK0  0000B0
sprintf@f                       cstackBANK0  0000B2
sprintf@fmt                     cstackBANK0  00009C
sprintf@s                       cstackBANK0  00009A
stackhi                         (abs)        000000
stacklo                         (abs)        000000
start                           init         00000E
start_initialization            cinit        005088
stoa@F1169                      dataBANK1    0001A9
stoa@cp                         cstackCOMRAM 00001B
stoa@fp                         cstackCOMRAM 00000B
stoa@i                          cstackCOMRAM 000017
stoa@l                          cstackCOMRAM 00001F
stoa@nuls                       cstackCOMRAM 000010
stoa@p                          cstackCOMRAM 00001D
stoa@s                          cstackCOMRAM 00000D
stoa@w                          cstackCOMRAM 000019
strcmp@l                        cstackCOMRAM 000001
strcmp@r                        cstackCOMRAM 000003
strcpy@d                        cstackCOMRAM 000009
strcpy@dest                     cstackCOMRAM 000001
strcpy@s                        cstackCOMRAM 000007
strcpy@src                      cstackCOMRAM 000003
strlen@a                        cstackCOMRAM 000003
strlen@s                        cstackCOMRAM 000001
strncmp@_l                      cstackCOMRAM 000001
strncmp@_r                      cstackCOMRAM 000003
strncmp@l                       cstackCOMRAM 000008
strncmp@n                       cstackCOMRAM 000005
strncmp@r                       cstackCOMRAM 00000A
tolower@c                       cstackCOMRAM 000007
ttemp5                          temp         000060
ttemp6                          temp         000063
ttemp7                          temp         000067
vfpfcnvrt@ap                    cstackCOMRAM 00004C
vfpfcnvrt@c                     cstackCOMRAM 00005D
vfpfcnvrt@cp                    cstackCOMRAM 000052
vfpfcnvrt@ct                    cstackCOMRAM 00005A
vfpfcnvrt@f                     cstackCOMRAM 000056
vfpfcnvrt@fmt                   cstackCOMRAM 00004A
vfpfcnvrt@fp                    cstackCOMRAM 000048
vfprintf@ap                     cstackBANK0  000096
vfprintf@cfmt                   cstackBANK0  000098
vfprintf@fmt                    cstackBANK0  000094
vfprintf@fp                     cstackBANK0  000092
wtemp8                          temp         000060


MODULE INFORMATION

Module		Function		Class		Link	Load	Size
ina219_lib.c
		_I2C_INA_read  		CODE           	5292	0000	100
		_I2C_INA_write 		CODE           	571E	0000	50
		_ina219GetCurrent_mA		CODE           	522C	0000	102
		_ina219Init    		CODE           	581E	0000	34
		_ina219GetBusVoltage_V		CODE           	4EA8	0000	136
		_ina219GetPower_mW		CODE           	51C6	0000	102

ina219_lib.c estimated size: 524

i2c_lib.c
		_I2C_stop      		CODE           	5906	0000	22
		_I2C_Tx_data   		CODE           	5782	0000	42
		_I2C_start     		CODE           	5948	0000	18
		_I2C_Rx_ack    		CODE           	58D8	0000	24
		_I2C_Rx_data   		CODE           	5932	0000	22
		_I2C_Rx_nack   		CODE           	591C	0000	22
		_I2C_master_init		CODE           	5860	0000	32

i2c_lib.c estimated size: 182

C:\Program Files\Microchip\xc8\v2.36\pic\sources\c99\common\nf_fputs.c
		_fputs         		CODE           	5580	0000	68

C:\Program Files\Microchip\xc8\v2.36\pic\sources\c99\common\nf_fputs.c estimated size: 68

C:\Program Files\Microchip\xc8\v2.36\pic\sources\c99\common\printf.c
		_printf        		CODE           	57AC	0000	40

C:\Program Files\Microchip\xc8\v2.36\pic\sources\c99\common\printf.c estimated size: 40

bmp280_lib.c
		_BMP280_readTemperature		CODE           	3170	0000	636
		_BMP280_Read8  		CODE           	5750	0000	50
		_BMP280_Write  		CODE           	589E	0000	30
		_BMP280_begin  		CODE           	3D8C	0000	324
		_BMP280_Read16 		CODE           	55C4	0000	66
		_BMP280_Update 		CODE           	47E4	0000	228
		_BMP280_readPressure		CODE           	1858	0000	1804

bmp280_lib.c estimated size: 3138

C:\Program Files\Microchip\xc8\v2.36\pic\sources\c99\common\strncmp.c
		_strncmp       		CODE           	3ED0	0000	282

C:\Program Files\Microchip\xc8\v2.36\pic\sources\c99\common\strncmp.c estimated size: 282

C:\Program Files\Microchip\xc8\v2.36\pic\sources\c99\common\tolower.c
		_tolower       		CODE           	54F4	0000	70

C:\Program Files\Microchip\xc8\v2.36\pic\sources\c99\common\tolower.c estimated size: 70

C:\Program Files\Microchip\xc8\v2.36\pic\sources\c99\common\__fpclassifyf.c
		___fpclassifyf 		CODE           	4514	0000	254

C:\Program Files\Microchip\xc8\v2.36\pic\sources\c99\common\__fpclassifyf.c estimated size: 254

C:\Program Files\Microchip\xc8\v2.36\pic\sources\c99\common\sprcmul.c
		___flmul       		CODE           	29AC	0000	1066

C:\Program Files\Microchip\xc8\v2.36\pic\sources\c99\common\sprcmul.c estimated size: 1066

intext_lib.c
		_int_ext_enable		CODE           	595A	0000	16

intext_lib.c estimated size: 16

C:\Program Files\Microchip\xc8\v2.36\pic\sources\c99\common\floorf.c
		_floorf        		CODE           	33EC	0000	530

C:\Program Files\Microchip\xc8\v2.36\pic\sources\c99\common\floorf.c estimated size: 530

C:\Program Files\Microchip\xc8\v2.36\pic\sources\c99\common\sprcdiv.c
		___fldiv       		CODE           	2DD6	0000	922

C:\Program Files\Microchip\xc8\v2.36\pic\sources\c99\common\sprcdiv.c estimated size: 922

C:\Program Files\Microchip\xc8\v2.36\pic\sources\c99\common\atoi.c
		_atoi          		CODE           	3AF0	0000	342

C:\Program Files\Microchip\xc8\v2.36\pic\sources\c99\common\atoi.c estimated size: 342

C:\Program Files\Microchip\xc8\v2.36\pic\sources\c99\common\fleq.c
		___fleq        		CODE           	4D5A	0000	170

C:\Program Files\Microchip\xc8\v2.36\pic\sources\c99\common\fleq.c estimated size: 170

C:\Program Files\Microchip\xc8\v2.36\pic\sources\c99\common\awmod.c
		___awmod       		CODE           	4CAA	0000	176

C:\Program Files\Microchip\xc8\v2.36\pic\sources\c99\common\awmod.c estimated size: 176

C:\Program Files\Microchip\xc8\v2.36\pic\sources\c99\common\Umul32.c
		___lmul        		CODE           	515C	0000	106

C:\Program Files\Microchip\xc8\v2.36\pic\sources\c99\common\Umul32.c estimated size: 106

C:\Program Files\Microchip\xc8\v2.36\pic\sources\c99\common\nf_sprintf.c
		_sprintf       		CODE           	53B4	0000	82

C:\Program Files\Microchip\xc8\v2.36\pic\sources\c99\common\nf_sprintf.c estimated size: 82

C:\Program Files\Microchip\xc8\v2.36\pic\sources\c99\common\isspace.c
		_isspace       		CODE           	5406	0000	82

C:\Program Files\Microchip\xc8\v2.36\pic\sources\c99\common\isspace.c estimated size: 82

C:\Program Files\Microchip\xc8\v2.36\pic\sources\c99\common\xxtofl.c
		___xxtofl      		CODE           	37B6	0000	436

C:\Program Files\Microchip\xc8\v2.36\pic\sources\c99\common\xxtofl.c estimated size: 436

C:\Program Files\Microchip\xc8\v2.36\pic\sources\c99\common\strlen.c
		_strlen        		CODE           	56E8	0000	54

C:\Program Files\Microchip\xc8\v2.36\pic\sources\c99\common\strlen.c estimated size: 54

C:\Program Files\Microchip\xc8\v2.36\pic\sources\c99\common\__lldiv.c
		___lldiv       		CODE           	4E04	0000	164

C:\Program Files\Microchip\xc8\v2.36\pic\sources\c99\common\__lldiv.c estimated size: 164

usart_lib.c
		_putch         		CODE           	58F0	0000	22
		_UART_Print    		CODE           	4F30	0000	120
		_getch         		CODE           	57FA	0000	36
		_USART_Init    		CODE           	4FA8	0000	112

usart_lib.c estimated size: 290

C:\Program Files\Microchip\xc8\v2.36\pic\sources\c99\common\strcmp.c
		_strcmp        		CODE           	5018	0000	112

C:\Program Files\Microchip\xc8\v2.36\pic\sources\c99\common\strcmp.c estimated size: 112

C:\Program Files\Microchip\xc8\v2.36\pic\sources\c99\common\strcpy.c
		_strcpy        		CODE           	5358	0000	92

C:\Program Files\Microchip\xc8\v2.36\pic\sources\c99\common\strcpy.c estimated size: 92

lcd_lib.c
		_LCD_Cmd       		CODE           	54AA	0000	74
		_LCD_Begin     		CODE           	4612	0000	238
		_LCD_Goto      		CODE           	50F2	0000	106
		_Expander_Write		CODE           	5880	0000	30
		_LCD_Print     		CODE           	4BF4	0000	182
		_LCD_Write_Nibble		CODE           	5606	0000	58

lcd_lib.c estimated size: 688

C:\Program Files\Microchip\xc8\v2.36\pic\sources\c99\common\nf_fputc.c
		_fputc         		CODE           	49A0	0000	202

C:\Program Files\Microchip\xc8\v2.36\pic\sources\c99\common\nf_fputc.c estimated size: 202

C:\Program Files\Microchip\xc8\v2.36\pic\sources\c99\common\isdigit.c
		_isdigit       		CODE           	56B0	0000	56

C:\Program Files\Microchip\xc8\v2.36\pic\sources\c99\common\isdigit.c estimated size: 56

C:\Program Files\Microchip\xc8\v2.36\pic\sources\c99\common\sprcadd.c
		___flsub       		CODE           	553A	0000	70
		___fladd       		CODE           	24EC	0000	1216

C:\Program Files\Microchip\xc8\v2.36\pic\sources\c99\common\sprcadd.c estimated size: 1286

C:\Program Files\Microchip\xc8\v2.36\pic\sources\c99\common\awdiv.c
		___awdiv       		CODE           	4B30	0000	196

C:\Program Files\Microchip\xc8\v2.36\pic\sources\c99\common\awdiv.c estimated size: 196

C:\Program Files\Microchip\xc8\v2.36\pic\sources\c99\common\doprnt.c
		_vfpfcnvrt     		CODE           	1F64	0000	1416
		_efgtoa        		CODE           	0C4A	0000	3086
		_pad           		CODE           	4A6A	0000	198
		_ctoa          		CODE           	48C8	0000	216
		_vfprintf      		CODE           	52F6	0000	98
		_stoa          		CODE           	396A	0000	390

C:\Program Files\Microchip\xc8\v2.36\pic\sources\c99\common\doprnt.c estimated size: 5404

C:\Program Files\Microchip\xc8\v2.36\pic\sources\c99\common\fltol.c
		___fltol       		CODE           	420A	0000	262

C:\Program Files\Microchip\xc8\v2.36\pic\sources\c99\common\fltol.c estimated size: 262

gps_lib.c
		_GPSRead_gga   		CODE           	3FEA	0000	276
		_GPSRead_rmc   		CODE           	35FE	0000	440

gps_lib.c estimated size: 716

shared
		__initialization		CODE           	5088	0000	92
		_gps_gga       		MEDIUMCONST    	7CE5	0000	6
		_gps_rmc       		MEDIUMCONST    	7CEB	0000	6

shared estimated size: 104

C:\Program Files\Microchip\xc8\v2.36\pic\sources\c99\common\aldiv.c
		___aldiv       		CODE           	40FE	0000	268

C:\Program Files\Microchip\xc8\v2.36\pic\sources\c99\common\aldiv.c estimated size: 268

C:\Program Files\Microchip\xc8\v2.36\pic\sources\c99\common\flge.c
		___flge        		CODE           	4310	0000	260

C:\Program Files\Microchip\xc8\v2.36\pic\sources\c99\common\flge.c estimated size: 260

dht11_lib.c
		_read_data_dht11		CODE           	4414	0000	256
		_start_signal_dht11		CODE           	5840	0000	32
		_dht11_check_humidity		CODE           	3C46	0000	326
		_check_response_dht11		CODE           	4700	0000	228

dht11_lib.c estimated size: 842

C:\Program Files\Microchip\xc8\v2.36\pic\sources\c99\common\memcpy.c
		_memcpy        		CODE           	5458	0000	82

C:\Program Files\Microchip\xc8\v2.36\pic\sources\c99\common\memcpy.c estimated size: 82

main.c
		_main          		CODE           	0012	0000	3128
		_ISR1          		CODE           	0008	0000	20

main.c estimated size: 3148

C:\Program Files\Microchip\xc8\v2.36\pic\sources\c99\common\Umul16.c
		___wmul        		CODE           	57D4	0000	38

C:\Program Files\Microchip\xc8\v2.36\pic\sources\c99\common\Umul16.c estimated size: 38

C:\Program Files\Microchip\xc8\v2.36\pic\sources\c99\common\flneg.c
		___flneg       		CODE           	5678	0000	56

C:\Program Files\Microchip\xc8\v2.36\pic\sources\c99\common\flneg.c estimated size: 56

C:\Program Files\Microchip\xc8\v2.36\pic\sources\c99\common\isupper.c
		_isupper       		CODE           	5640	0000	56

C:\Program Files\Microchip\xc8\v2.36\pic\sources\c99\common\isupper.c estimated size: 56

